
Running Job 1 of 1 /home/humeniuka/SEMICLASSICAL/squaraine_175a/TMP/BLA/squaraine.in
qchem /home/humeniuka/SEMICLASSICAL/squaraine_175a/TMP/BLA/squaraine.in_49454.0 /scratch/111627/qchem49454/ 1
/opt/local/qchem-5.1.2/bin/mpi/mpirun_qchem -np 1 /opt/local/qchem-5.1.2/exe/qcprog.exe /home/humeniuka/SEMICLASSICAL/squaraine_175a/TMP/BLA/squaraine.in_49454.0 /scratch/111627/qchem49454/

Process 0 of 1 is on cnc03.cluster.lan - thread support 0
initial socket setup ...start
initial socket setup ...done 
now start server 0 ... 
Check license passed

                  Welcome to Q-Chem
     A Quantum Leap Into The Future Of Chemistry


 Q-Chem 5.1, Q-Chem, Inc., Pleasanton, CA (2018)

 Yihan Shao,  Zhengting Gan,  E. Epifanovsky,  A. T. B. Gilbert,  M. Wormit,  
 J. Kussmann,  A. W. Lange,  A. Behn,  Jia Deng,  Xintian Feng,  D. Ghosh,  
 M. Goldey,  P. R. Horn,  L. D. Jacobson,  I. Kaliman,  T. Kus,  A. Landau,  
 Jie Liu,  E. I. Proynov,  R. M. Richard,  R. P. Steele,  E. J. Sundstrom,  
 H. L. Woodcock III,  P. M. Zimmerman,  D. Zuev,  B. Albrecht,  E. Alguire,  
 S. A. Baeppler,  D. Barton,  Z. Benda,  Y. A. Bernard,  E. J. Berquist,  
 K. B. Bravaya,  H. Burton,  D. Casanova,  Chun-Min Chang,  Yunqing Chen,  
 A. Chien,  K. D. Closser,  M. P. Coons,  S. Coriani,  S. Dasgupta,  
 A. L. Dempwolff,  M. Diedenhofen,  Hainam Do,  R. G. Edgar,  Po-Tung Fang,  
 S. Faraji,  S. Fatehi,  Qingguo Feng,  K. D. Fenk,  J. Fosso-Tande,  
 J. Gayvert,  Qinghui Ge,  A. Ghysels,  G. Gidofalvi,  J. Gomes,  
 J. Gonthier,  A. Gunina,  D. Hait,  M. W. D. Hanson-Heine,  
 P. H. P. Harbach,  A. W. Hauser,  J. E. Herr,  E. G. Hohenstein,  
 Z. C. Holden,  Kerwin Hui,  B. C. Huynh,  T.-C. Jagau,  Hyunjun Ji,  
 B. Kaduk,  K. Khistyaev,  Jaehoon Kim,  P. Klunzinger,  K. Koh,  
 D. Kosenkov,  L. Koulias,  T. Kowalczyk,  C. M. Krauter,  A. Kunitsa,  
 Ka Un Lao,  A. Laurent,  K. V. Lawler,  Joonho Lee,  D. Lefrancois,  
 S. Lehtola,  D. S. Levine,  Yi-Pei Li,  You-Sheng Lin,  Fenglai Liu,  
 E. Livshits,  A. Luenser,  P. Manohar,  E. Mansoor,  S. F. Manzer,  
 Shan-Ping Mao,  Yuezhi Mao,  N. Mardirossian,  A. V. Marenich,  
 T. Markovich,  L. A. Martinez-Martinez,  S. A. Maurer,  N. J. Mayhall,  
 S. C. McKenzie,  J.-M. Mewes,  A. F. Morrison,  J. W. Mullinax,  K. Nanda,  
 T. S. Nguyen-Beck,  R. Olivares-Amaya,  J. A. Parkhill,  T. M. Perrine,  
 F. Plasser,  P. Pokhilko,  S. Prager,  A. Prociuk,  E. Ramos,  D. R. Rehn,  
 F. Rob,  M. Schneider,  N. Sergueev,  S. M. Sharada,  S. Sharma,  
 D. W. Small,  T. Stauch,  T. Stein,  Yu-Chuan Su,  A. J. W. Thom,  
 A. Tkatchenko,  T. Tsuchimochi,  N. M. Tubman,  L. Vogt,  M. L. Vidal,  
 O. Vydrov,  M. A. Watson,  J. Wenzel,  M. de Wergifosse,  T. A. Wesolowski,  
 A. White,  J. Witte,  A. Yamada,  Jun Yang,  K. Yao,  S. Yeganeh,  
 S. R. Yost,  Zhi-Qiang You,  A. Zech,  Igor Ying Zhang,  Xing Zhang,  
 Yan Zhao,  Ying Zhu,  B. R. Brooks,  G. K. L. Chan,  C. J. Cramer,  
 M. S. Gordon,  W. J. Hehre,  A. Klamt,  M. W. Schmidt,  C. D. Sherrill,  
 D. G. Truhlar,  A. Aspuru-Guzik,  R. Baer,  A. T. Bell,  N. A. Besley,  
 Jeng-Da Chai,  A. E. DePrince, III,  R. A. DiStasio Jr.,  A. Dreuw,  
 B. D. Dunietz,  T. R. Furlani,  Chao-Ping Hsu,  Yousung Jung,  Jing Kong,  
 D. S. Lambrecht,  WanZhen Liang,  C. Ochsenfeld,  V. A. Rassolov,  
 L. V. Slipchenko,  J. E. Subotnik,  T. Van Voorhis,  J. M. Herbert,  
 A. I. Krylov,  P. M. W. Gill,  M. Head-Gordon

 Contributors to earlier versions of Q-Chem not listed above: 
 R. D. Adamson,  B. Austin,  J. Baker,  G. J. O. Beran,  K. Brandhorst,  
 S. T. Brown,  E. F. C. Byrd,  A. K. Chakraborty,  C.-L. Cheng,  
 Siu Hung Chien,  D. M. Chipman,  D. L. Crittenden,  H. Dachsel,  
 R. J. Doerksen,  A. D. Dutoi,  L. Fusti-Molnar,  W. A. Goddard III,  
 A. Golubeva-Zadorozhnaya,  S. R. Gwaltney,  G. Hawkins,  A. Heyden,  
 S. Hirata,  G. Kedziora,  F. J. Keil,  C. Kelley,  Jihan Kim,  R. A. King,  
 R. Z. Khaliullin,  P. P. Korambath,  W. Kurlancheek,  A. M. Lee,  M. S. Lee,  
 S. V. Levchenko,  Ching Yeh Lin,  D. Liotard,  R. C. Lochan,  I. Lotan,  
 P. E. Maslen,  N. Nair,  D. P. O'Neill,  D. Neuhauser,  E. Neuscamman,  
 C. M. Oana,  R. Olson,  B. Peters,  R. Peverati,  P. A. Pieniazek,  
 Y. M. Rhee,  J. Ritchie,  M. A. Rohrdanz,  E. Rosta,  N. J. Russ,  
 H. F. Schaefer III,  N. E. Schultz,  N. Shenvi,  A. C. Simmonett,  A. Sodt,  
 D. Stuck,  K. S. Thanthiriwatte,  V. Vanovschi,  Tao Wang,  A. Warshel,  
 C. F. Williams,  Q. Wu,  X. Xu,  W. Zhang

 Please cite Q-Chem as follows:
 Y. Shao et al., Mol. Phys. 113, 184-215 (2015)
 DOI: 10.1080/00268976.2014.952696

 Q-Chem 5.1.2 for Intel X86 EM64T Linux

 Parts of Q-Chem use Armadillo 8.300.2 (Tropical Shenanigans).
 http://arma.sourceforge.net/

 Q-Chem begins on Sat Jan 30 16:22:32 2021  

Host: 
0

     Scratch files written to /scratch/111627/qchem49454//
 Dec218 |scratch|qcdevops|jenkins|workspace|build_RNUM 6873   
 Parallel job on  1  processors
Processing $rem in /opt/local/qchem-5.1.2/config/preferences.
 MEM_TOTAL  2000 
Input Ideriv = 2
Curr. Ideriv = -1
Max.  Ideriv = 2

Checking the input file for inconsistencies... 	...done.

--------------------------------------------------------------
User input:
--------------------------------------------------------------
$molecule
0 1
C                     0.00000000    4.25593893   -3.21603047
C                     0.00000000    4.13038151   -1.84099300
C                     0.00000000    5.22560273   -0.97360388
C                     0.00000000    6.52488797   -1.46748509
C                     0.00000000    6.66941181   -2.85927895
C                     0.00000000    5.56361880   -3.71512586
N                     0.00000000    4.68343757    0.30367200
C                     0.00000000    3.32276909    0.19305269
O                     0.00000000    2.98556831   -1.10375535
C                     0.00000000    2.42206031    1.24034560
C                     0.00000000    1.03171455    1.12670519
C                     0.00000000    0.00000000    0.04842627
O                     0.00000000    0.00000000   -1.15819127
C                     0.00000000    0.00000000    2.13104648
C                     0.00000000    0.00000000    3.52895519
C                     0.00000000    1.22741759    4.24004566
N                     0.00000000    2.26706689    4.76594870
C                     0.00000000   -1.03171455    1.12670519
C                     0.00000000   -2.42206031    1.24034560
C                     0.00000000   -3.32276909    0.19305269
O                     0.00000000   -2.98556831   -1.10375535
C                     0.00000000   -4.13038151   -1.84099300
C                     0.00000000   -5.22560273   -0.97360388
N                     0.00000000   -4.68343757    0.30367200
C                     0.00000000   -4.25593893   -3.21603047
C                     0.00000000   -5.56361880   -3.71512586
C                     0.00000000   -6.66941181   -2.85927895
C                     0.00000000   -6.52488797   -1.46748509
C                     0.00000000   -1.22741759    4.24004566
N                     0.00000000   -2.26706689    4.76594870
H                     0.00000000    2.84748790    2.24523020
H                     0.00000000    3.37691315   -3.86157855
H                     0.00000000    5.72141151   -4.79509236
H                     0.00000000    7.67503942   -3.28544707
H                     0.00000000    7.39545696   -0.80967013
H                     0.00000000   -2.84748790    2.24523020
H                     0.00000000   -3.37691315   -3.86157855
H                     0.00000000   -5.72141151   -4.79509236
H                     0.00000000   -7.67503942   -3.28544707
H                     0.00000000   -7.39545696   -0.80967013
C                     0.00000000   -5.39763409    1.55630089
C                    -0.00000000    5.39763409    1.55630089
H                     0.00000000    6.47395617    1.35375625
H                    -0.89826777    5.14601963    2.14737951
H                     0.89826777    5.14601963    2.14737951
H                    -0.89826777   -5.14601963    2.14737951
H                     0.00000000   -6.47395617    1.35375625
H                     0.89826777   -5.14601963    2.14737951
$end

$rem
sym_ignore              true

jobtype			force

exchange		wB97X-D
basis			def2-SVP
$end
--------------------------------------------------------------
 ----------------------------------------------------------------
             Standard Nuclear Orientation (Angstroms)
    I     Atom           X                Y                Z
 ----------------------------------------------------------------
    1      C       0.0000000000     4.2559389300    -3.2160304700
    2      C       0.0000000000     4.1303815100    -1.8409930000
    3      C       0.0000000000     5.2256027300    -0.9736038800
    4      C       0.0000000000     6.5248879700    -1.4674850900
    5      C       0.0000000000     6.6694118100    -2.8592789500
    6      C       0.0000000000     5.5636188000    -3.7151258600
    7      N       0.0000000000     4.6834375700     0.3036720000
    8      C       0.0000000000     3.3227690900     0.1930526900
    9      O       0.0000000000     2.9855683100    -1.1037553500
   10      C       0.0000000000     2.4220603100     1.2403456000
   11      C       0.0000000000     1.0317145500     1.1267051900
   12      C       0.0000000000     0.0000000000     0.0484262700
   13      O       0.0000000000     0.0000000000    -1.1581912700
   14      C       0.0000000000     0.0000000000     2.1310464800
   15      C       0.0000000000     0.0000000000     3.5289551900
   16      C       0.0000000000     1.2274175900     4.2400456600
   17      N       0.0000000000     2.2670668900     4.7659487000
   18      C       0.0000000000    -1.0317145500     1.1267051900
   19      C       0.0000000000    -2.4220603100     1.2403456000
   20      C       0.0000000000    -3.3227690900     0.1930526900
   21      O       0.0000000000    -2.9855683100    -1.1037553500
   22      C       0.0000000000    -4.1303815100    -1.8409930000
   23      C       0.0000000000    -5.2256027300    -0.9736038800
   24      N       0.0000000000    -4.6834375700     0.3036720000
   25      C       0.0000000000    -4.2559389300    -3.2160304700
   26      C       0.0000000000    -5.5636188000    -3.7151258600
   27      C       0.0000000000    -6.6694118100    -2.8592789500
   28      C       0.0000000000    -6.5248879700    -1.4674850900
   29      C       0.0000000000    -1.2274175900     4.2400456600
   30      N       0.0000000000    -2.2670668900     4.7659487000
   31      H       0.0000000000     2.8474879000     2.2452302000
   32      H       0.0000000000     3.3769131500    -3.8615785500
   33      H       0.0000000000     5.7214115100    -4.7950923600
   34      H       0.0000000000     7.6750394200    -3.2854470700
   35      H       0.0000000000     7.3954569600    -0.8096701300
   36      H       0.0000000000    -2.8474879000     2.2452302000
   37      H       0.0000000000    -3.3769131500    -3.8615785500
   38      H       0.0000000000    -5.7214115100    -4.7950923600
   39      H       0.0000000000    -7.6750394200    -3.2854470700
   40      H       0.0000000000    -7.3954569600    -0.8096701300
   41      C       0.0000000000    -5.3976340900     1.5563008900
   42      C       0.0000000000     5.3976340900     1.5563008900
   43      H       0.0000000000     6.4739561700     1.3537562500
   44      H      -0.8982677700     5.1460196300     2.1473795100
   45      H       0.8982677700     5.1460196300     2.1473795100
   46      H      -0.8982677700    -5.1460196300     2.1473795100
   47      H       0.0000000000    -6.4739561700     1.3537562500
   48      H       0.8982677700    -5.1460196300     2.1473795100
 ----------------------------------------------------------------
 Nuclear Repulsion Energy =  2807.8907667684 hartrees
 There are      109 alpha and      109 beta electrons
 Requested basis set is def2-SVP
 There are 240 shells and 528 basis functions

 Total QAlloc Memory Limit   2000 MB
 Mega-Array Size       188 MB
 MEM_STATIC part       192 MB
 A cutoff of  1.0D-11 yielded  14243 shell pairs
 There are     65935 function pairs (     73185 Cartesian)
 
 -------------------------------------------------------
 OpenMP Integral Computing Module                       
 Release: version 1.0, May 2013, Q-Chem Inc. Pittsburgh 
 -------------------------------------------------------
 Integral Job Info:
 Integral job number is                      11
 Integral operator is                         1
 short-range coefficients              22203600
 long-range coefficients              100000000
 Omega coefficients                         200
 if combine SR and LR in K                    1
 Integral screening is                        0
 Integral computing path is                   2
 max size of driver memory is            800000
 size of driver memory is                593474
 size of scratch memory is              1848772
 max col of scratch BK array               1296
 max len of scratch array in speh3          155
 max len of scratch index in speh4           18
 max int batch size is                      520
 min int batch size is                       52
 fixed nKL is                                52
 max L of basis functions is                  2
 order of int derivative is                   0
 number of shells is                        240
 number of basis is                         560
 number of cartesian basis is               560
 number of contracted shell pairs         14243
 number of primitive shell pairs          33719
 maxK2 (contraction) of shell pair           25
 max number of K2 of shell pair               1
 max number of CS2 of shell pair           2569
 max number of PS2 of shell pair           6315
 mem total for path MDJ                  688812
 -------------------------------------------------------
 Smallest overlap matrix eigenvalue = 2.11E-04

 Scale SEOQF with 1.000000e+00/1.000000e-02/1.000000e-01

 Standard Electronic Orientation quadrupole field applied
 Nucleus-field energy     =    -0.0000001139 hartrees
 Guess from superposition of atomic densities
 Warning:  Energy on first SCF cycle will be non-variational
 SAD guess density has 218.000000 electrons

 -----------------------------------------------------------------------
  General SCF calculation program by
  Eric Jon Sundstrom, Paul Horn, Yuezhi Mao, Dmitri Zuev, Alec White,
  David Stuck, Shaama M.S., Shane Yost, Joonho Lee, David Small,
  Daniel Levine, Susi Lehtola, Hugh Burton, Evgeny Epifanovsky
 -----------------------------------------------------------------------
 Exchange:     0.2220 Hartree-Fock + 1.0000 wB97X-D + LR-HF
 Correlation:  1.0000 wB97X-D
 Using SG-2 standard quadrature grid
 Dispersion:   Grimme D
 using 8 threads for integral computing
 -------------------------------------------------------
 OpenMP Integral computing Module                
 Release: version 1.0, May 2013, Q-Chem Inc. Pittsburgh 
 -------------------------------------------------------
 using 8 threads for integral computing
 -------------------------------------------------------
 OpenMP Integral computing Module                
 Release: version 1.0, May 2013, Q-Chem Inc. Pittsburgh 
 -------------------------------------------------------
 -------------------------------------------------------
 OpenMP BLAS3 based DFT computing Module                
 Release: version 1.0, May 2013, Q-Chem Inc. Pittsburgh 
 -------------------------------------------------------
 A restricted SCF calculation will be
 performed using DIIS
 SCF converges when DIIS error is below 1.0e-08
 ---------------------------------------
  Cycle       Energy         DIIS error
 ---------------------------------------
    1   -1416.1111160436      3.71e-02  
    2   -1404.9580345819      3.40e-03  
    3   -1404.7235089967      4.67e-03  
    4   -1405.3432006963      7.32e-04  
    5   -1405.3568530397      3.97e-04  
    6   -1405.3619671236      9.52e-05  
    7   -1405.3622728750      2.72e-05  
    8   -1405.3623027296      1.05e-05  
    9   -1405.3623084455      4.85e-06  
   10   -1405.3623096962      1.84e-06  
   11   -1405.3623099324      7.19e-07  
   12   -1405.3623099643      3.10e-07  
   13   -1405.3623099709      1.10e-07  
   14   -1405.3623099719      4.10e-08  
   15   -1405.3623099721      1.87e-08  
   16   -1405.3623099721      5.72e-09  Convergence criterion met
 ---------------------------------------
 SCF time:   CPU 2880.22s  wall 384.00s 
 SCF   energy in the final basis set =    -1405.3623099721
 Total energy in the final basis set =    -1405.3623099721
 
 --------------------------------------------------------------
 
                    Orbital Energies (a.u.)
 --------------------------------------------------------------
 
 Alpha MOs
 -- Occupied --
-19.357 -19.357 -19.215 -14.540 -14.540 -14.408 -14.408 -10.442
-10.442 -10.389 -10.389 -10.377 -10.377 -10.372 -10.372 -10.372
-10.339 -10.339 -10.335 -10.335 -10.335 -10.334 -10.334 -10.331
-10.331 -10.329 -10.329 -10.313 -10.313 -10.313 -10.308 -10.308
 -1.269  -1.269  -1.106  -1.101  -1.101  -0.996  -0.989  -0.986
 -0.965  -0.958  -0.916  -0.906  -0.883  -0.883  -0.868  -0.866
 -0.860  -0.844  -0.826  -0.768  -0.759  -0.759  -0.741  -0.721
 -0.720  -0.695  -0.681  -0.656  -0.655  -0.648  -0.644  -0.634
 -0.625  -0.624  -0.613  -0.585  -0.570  -0.567  -0.564  -0.564
 -0.563  -0.561  -0.561  -0.554  -0.554  -0.537  -0.536  -0.529
 -0.517  -0.507  -0.503  -0.491  -0.485  -0.483  -0.481  -0.481
 -0.473  -0.471  -0.462  -0.461  -0.457  -0.448  -0.447  -0.423
 -0.418  -0.402  -0.399  -0.393  -0.392  -0.385  -0.365  -0.352
 -0.352  -0.321  -0.317  -0.295  -0.228
 -- Virtual --
 -0.040   0.028   0.040   0.046   0.049   0.050   0.089   0.106
  0.119   0.121   0.135   0.136   0.151   0.152   0.153   0.158
  0.162   0.171   0.173   0.187   0.191   0.199   0.199   0.200
  0.203   0.203   0.210   0.220   0.220   0.224   0.226   0.227
  0.235   0.235   0.241   0.264   0.273   0.282   0.294   0.298
  0.311   0.311   0.315   0.320   0.321   0.335   0.341   0.343
  0.349   0.355   0.359   0.368   0.379   0.383   0.386   0.394
  0.395   0.418   0.418   0.425   0.445   0.450   0.452   0.461
  0.461   0.469   0.471   0.472   0.475   0.483   0.486   0.488
  0.502   0.519   0.520   0.529   0.533   0.533   0.534   0.536
  0.543   0.545   0.552   0.557   0.565   0.567   0.580   0.589
  0.590   0.594   0.598   0.605   0.605   0.607   0.609   0.620
  0.631   0.635   0.644   0.650   0.662   0.662   0.675   0.675
  0.677   0.681   0.683   0.688   0.693   0.700   0.706   0.706
  0.712   0.715   0.716   0.716   0.721   0.728   0.731   0.737
  0.741   0.746   0.746   0.756   0.758   0.760   0.769   0.773
  0.775   0.777   0.781   0.782   0.790   0.790   0.793   0.793
  0.799   0.807   0.808   0.820   0.821   0.824   0.830   0.835
  0.844   0.845   0.861   0.861   0.871   0.877   0.878   0.885
  0.898   0.923   0.931   0.946   0.950   0.952   0.959   0.960
  0.978   0.983   0.986   0.990   1.007   1.013   1.021   1.035
  1.062   1.087   1.097   1.108   1.117   1.124   1.134   1.136
  1.146   1.159   1.160   1.166   1.186   1.194   1.202   1.212
  1.214   1.219   1.234   1.235   1.246   1.251   1.266   1.268
  1.269   1.280   1.300   1.300   1.302   1.305   1.309   1.311
  1.313   1.317   1.325   1.352   1.353   1.364   1.366   1.374
  1.377   1.392   1.395   1.396   1.410   1.444   1.448   1.450
  1.461   1.465   1.479   1.495   1.498   1.508   1.530   1.553
  1.567   1.570   1.570   1.570   1.589   1.589   1.612   1.632
  1.646   1.666   1.674   1.674   1.718   1.723   1.731   1.735
  1.738   1.749   1.749   1.749   1.751   1.756   1.761   1.778
  1.781   1.784   1.793   1.808   1.809   1.812   1.817   1.818
  1.821   1.824   1.830   1.839   1.848   1.850   1.855   1.861
  1.864   1.872   1.872   1.880   1.896   1.897   1.901   1.902
  1.916   1.932   1.937   1.972   1.973   1.978   1.987   1.988
  1.992   2.013   2.014   2.016   2.016   2.028   2.032   2.046
  2.047   2.055   2.059   2.065   2.070   2.083   2.086   2.096
  2.097   2.101   2.130   2.138   2.144   2.160   2.173   2.175
  2.176   2.189   2.199   2.204   2.207   2.208   2.229   2.232
  2.257   2.263   2.264   2.271   2.281   2.289   2.291   2.291
  2.322   2.330   2.332   2.344   2.346   2.360   2.360   2.364
  2.366   2.374   2.385   2.400   2.402   2.411   2.418   2.424
  2.434   2.436   2.437   2.453   2.483   2.503   2.513   2.514
  2.534   2.535   2.536   2.542   2.547   2.612   2.628   2.631
  2.643   2.644   2.665   2.666   2.683   2.697   2.712   2.727
  2.736   2.750   2.785   2.793   2.793   2.814   2.815   2.821
  2.823   2.824   2.825   2.830   2.867   2.869   2.895   2.897
  2.924   2.925   2.943   2.968   2.968   3.008   3.011   3.012
  3.015   3.024   3.040   3.042   3.043   3.056   3.062   3.088
  3.105   3.106   3.131   3.132   3.165   3.173   3.190   3.258
  3.259   3.270   3.322   3.345   3.387   3.388   3.434   3.438
  3.475   3.490   3.550   3.600   3.603   3.611   3.638   3.743
  3.796   3.851   3.865
 --------------------------------------------------------------
 
          Ground-State Mulliken Net Atomic Charges

     Atom                 Charge (a.u.)
  ----------------------------------------
      1 C                    -0.079963
      2 C                     0.191557
      3 C                     0.157310
      4 C                    -0.094641
      5 C                    -0.016405
      6 C                    -0.017854
      7 N                    -0.300984
      8 C                     0.366621
      9 O                    -0.206825
     10 C                    -0.246123
     11 C                    -0.003453
     12 C                     0.182010
     13 O                    -0.209502
     14 C                     0.173381
     15 C                    -0.400675
     16 C                    -0.109751
     17 N                    -0.007116
     18 C                    -0.003453
     19 C                    -0.246123
     20 C                     0.366621
     21 O                    -0.206825
     22 C                     0.191557
     23 C                     0.157310
     24 N                    -0.300984
     25 C                    -0.079963
     26 C                    -0.017854
     27 C                    -0.016405
     28 C                    -0.094641
     29 C                    -0.109751
     30 N                    -0.007116
     31 H                     0.037123
     32 H                     0.047757
     33 H                     0.037918
     34 H                     0.035360
     35 H                     0.019426
     36 H                     0.037123
     37 H                     0.047757
     38 H                     0.037918
     39 H                     0.035360
     40 H                     0.019426
     41 C                     0.066133
     42 C                     0.066133
     43 H                     0.067325
     44 H                     0.091989
     45 H                     0.091989
     46 H                     0.091989
     47 H                     0.067325
     48 H                     0.091989
  ----------------------------------------
  Sum of atomic charges =    -0.000000

 -----------------------------------------------------------------
                    Cartesian Multipole Moments
 -----------------------------------------------------------------
    Charge (ESU x 10^10)
                -0.0000
    Dipole Moment (Debye)
         X       0.0000      Y       0.0000      Z      -9.4883
       Tot       9.4883
    Quadrupole Moments (Debye-Ang)
        XX    -186.6641     XY       0.0000     YY     -89.2834
        XZ       0.0000     YZ       0.0000     ZZ    -217.1154
    Octopole Moments (Debye-Ang^2)
       XXX       0.0000    XXY      -0.0000    XYY       0.0000
       YYY       0.0000    XXZ       6.2633    XYZ      -0.0000
       YYZ    -100.2581    XZZ      -0.0000    YZZ       0.0000
       ZZZ    -402.0917
    Hexadecapole Moments (Debye-Ang^3)
      XXXX    -203.7399   XXXY       0.0000   XXYY   -3379.1867
      XYYY       0.0000   YYYY  -14298.1484   XXXZ       0.0000
      XXYZ       0.0000   XYYZ       0.0000   YYYZ      -0.0000
      XXZZ   -1235.0330   XYZZ      -0.0000   YYZZ   -4032.2010
      XZZZ       0.0000   YZZZ       0.0000   ZZZZ   -7874.2972
 -----------------------------------------------------------------
 Calculating analytic gradient of the SCF energy
 Gradient of SCF Energy
            1           2           3           4           5           6
    1   0.0000000   0.0000000  -0.0000000   0.0000000  -0.0000000   0.0000000
    2  -0.0001365  -0.0027615   0.0001703   0.0004737  -0.0008889   0.0008725
    3   0.0001145   0.0003993   0.0044268   0.0001064  -0.0007506   0.0002722
            7           8           9          10          11          12
    1  -0.0000000   0.0000000  -0.0000000  -0.0000000   0.0000000  -0.0000000
    2   0.0023212   0.0007938   0.0013750  -0.0027692   0.0034904  -0.0000000
    3  -0.0011013   0.0011710  -0.0022509  -0.0011187  -0.0003954   0.0020356
           13          14          15          16          17          18
    1   0.0000000  -0.0000000  -0.0000000  -0.0000000   0.0000000   0.0000000
    2  -0.0000000  -0.0000000   0.0000000  -0.0069107   0.0044034  -0.0034904
    3  -0.0013879   0.0025947   0.0022602  -0.0036403   0.0023681  -0.0003954
           19          20          21          22          23          24
    1  -0.0000000   0.0000000   0.0000000  -0.0000000   0.0000000   0.0000000
    2   0.0027692  -0.0007938  -0.0013750   0.0027615  -0.0001703  -0.0023212
    3  -0.0011187   0.0011710  -0.0022509   0.0003993   0.0044268  -0.0011013
           25          26          27          28          29          30
    1  -0.0000000  -0.0000000   0.0000000  -0.0000000   0.0000000   0.0000000
    2   0.0001365  -0.0008725   0.0008889  -0.0004737   0.0069107  -0.0044034
    3   0.0001145   0.0002722  -0.0007506   0.0001064  -0.0036403   0.0023681
           31          32          33          34          35          36
    1   0.0000000  -0.0000000  -0.0000000   0.0000000  -0.0000000   0.0000000
    2   0.0000623  -0.0003696   0.0000008   0.0005567   0.0003202  -0.0000623
    3   0.0004495  -0.0004265  -0.0000881  -0.0000593   0.0002820   0.0004495
           37          38          39          40          41          42
    1   0.0000000   0.0000000   0.0000000  -0.0000000  -0.0000000  -0.0000000
    2   0.0003696  -0.0000008  -0.0005567  -0.0003202  -0.0007589   0.0007589
    3  -0.0004265  -0.0000881  -0.0000593   0.0002820  -0.0049840  -0.0049840
           43          44          45          46          47          48
    1  -0.0000000  -0.0027529   0.0027529  -0.0027529   0.0000000   0.0027529
    2  -0.0002903  -0.0005674  -0.0005674   0.0005674   0.0002903   0.0005674
    3   0.0001763   0.0011487   0.0011487   0.0011487   0.0001763   0.0011487
 Max gradient component =       6.911E-03
 RMS gradient           =       1.694E-03
 Gradient time:  CPU 363.75 s  wall 49.06 s
Archival summary:
1\1\cnc03\JobtypUnspecified\ProcedureUnspecified\BasisUnspecified\342516\humeniuk\SatJan3016:29:462021SatJan3016:29:462021\0\\#,JobtypUnspecified,ProcedureUnspecified,BasisUnspecified,\\0,1\O\C,1,1.33993\C,1,1.36166,2,108.205\N,2,1.36516,1,109.223,3,-0,0\C,3,1.38076,1,127.998,2,-180,0\H,5,1.0906,3,121.076,1,-0,0\C,2,1.38134,1,124.728,3,-180,0\H,7,1.09123,2,116.357,1,-180,0\C,4,1.38758,2,108.352,1,-0,0\C,9,1.38999,4,133.812,2,-180,0\H,10,1.09115,9,122.112,4,-0,0\C,7,1.39498,2,126.024,1,-0,0\C,10,1.39928,9,116.741,4,-180,0\H,13,1.0922,10,118.895,9,-180,0\C,13,1.3983,10,121.81,9,-0,0\H,15,1.09143,13,119.426,10,-180,0\C,12,1.43984,7,131.098,2,-180,0\C,17,1.39791,12,134.23,7,-0,0\C,18,1.41852,17,120.085,12,-180,0\N,19,1.16509,18,176.747,17,-0,0\C,18,1.41852,17,120.085,12,-0,0\N,21,1.16509,18,176.747,17,-0,0\C,17,1.43984,12,91.5405,7,-180,0\C,23,1.39498,17,131.098,12,-180,0\H,24,1.09123,23,117.619,17,-0,0\C,24,1.38134,23,126.024,17,-180,0\O,26,1.33993,24,124.728,23,-0,0\C,27,1.36166,26,108.205,24,-180,0\N,26,1.36516,24,126.049,23,-180,0\C,28,1.38076,27,127.998,26,-180,0\H,30,1.0906,28,121.076,27,-0,0\C,29,1.38758,26,108.352,24,-180,0\C,32,1.38999,29,133.812,26,-180,0\H,33,1.09115,32,122.112,29,-0,0\C,33,1.39928,32,116.741,29,-180,0\H,35,1.0922,33,118.895,32,-180,0\C,35,1.3983,33,121.81,32,-0,0\H,37,1.09143,35,119.426,33,-180,0\C,4,1.44193,2,124.338,1,-180,0\H,39,1.09521,4,109.033,2,-180,0\H,39,1.10434,4,110.617,2,60.3489,0\H,39,1.10434,4,110.617,2,-60.3489,0\C,29,1.44193,26,124.338,24,-0,0\H,43,1.09521,29,109.033,26,-180,0\H,43,1.10434,29,110.617,26,-60.3489,0\H,43,1.10434,29,110.617,26,60.3489,0\C,23,1.49235,17,90.494,12,-0,0\O,47,1.20662,23,136.264,17,-180,0\\\@

 Total job time:  433.83s(wall), 3248.90s(cpu) 
 Sat Jan 30 16:29:46 2021

        *************************************************************
        *                                                           *
        *  Thank you very much for using Q-Chem.  Have a nice day.  *
        *                                                           *
        *************************************************************


0 sent ACK to 0 
now end server 0 ... 
cleanup process ... done
